// Jest Snapshot v1, https://goo.gl/fbAQLP

exports[`matches snapeshot 1`] = `"<div class=\\"resources\\"><img class=\\"resource farm\\" src=\\"farm.svg\\" alt=\\"farm icon\\"><div class=\\"resource food\\"><div><h1>6824</h1><img class=\\"food\\" src=\\"FoodIcon.svg\\" alt=\\"food icon\\"></div><p> / minute</p></div><img class=\\"resource mine\\" src=\\"mine.svg\\" alt=\\"mine icon\\"><div class=\\"resource gold\\"><div><h1>6824</h1><img class=\\"gold\\" src=\\"GoldIcon.svg\\" alt=\\"gold icon\\"></div><p> / minute</p></div></div>"`;
